// Jest Snapshot v1, https://goo.gl/fbAQLP

exports[`Renders app component 1`] = `
Object {
  "asFragment": [Function],
  "baseElement": <body>
    <div>
      <div
        class="App"
      >
        <div
          class="navBarContainer"
        >
          <nav
            class="navBar"
            style="position: fixed; display: flex; justify-content: space-around; align-items: center;"
          >
            <h4
              class="logo"
            >
              SiteName
            </h4>
            <ul
              class="menu"
            >
              <li
                class="waves-effect"
              >
                <a
                  aria-current="page"
                  class="active"
                  href="/"
                >
                  Posts
                </a>
              </li>
              <li
                class="waves-effect"
              >
                <a
                  aria-current="page"
                  class="active"
                  href="/"
                >
                  graphQL
                </a>
              </li>
            </ul>
            <i
              class="
                    large
                    material-icons
                    waves-effect
                    dropdown-trigger
                    mobileMenu
                "
              data-target="mobileMenu"
            >
              menu
            </i>
            <ul
              class="dropdown-content"
              id="mobileMenu"
            >
              <li
                class="waves-effect"
              >
                <a
                  aria-current="page"
                  class="active"
                  href="/"
                >
                  Posts
                </a>
              </li>
              <li
                class="waves-effect"
              >
                <a
                  aria-current="page"
                  class="active"
                  href="/"
                >
                  graphQL
                </a>
              </li>
            </ul>
          </nav>
        </div>
        <div
          class="home-view container"
        />
      </div>
    </div>
  </body>,
  "container": <div>
    <div
      class="App"
    >
      <div
        class="navBarContainer"
      >
        <nav
          class="navBar"
          style="position: fixed; display: flex; justify-content: space-around; align-items: center;"
        >
          <h4
            class="logo"
          >
            SiteName
          </h4>
          <ul
            class="menu"
          >
            <li
              class="waves-effect"
            >
              <a
                aria-current="page"
                class="active"
                href="/"
              >
                Posts
              </a>
            </li>
            <li
              class="waves-effect"
            >
              <a
                aria-current="page"
                class="active"
                href="/"
              >
                graphQL
              </a>
            </li>
          </ul>
          <i
            class="
                    large
                    material-icons
                    waves-effect
                    dropdown-trigger
                    mobileMenu
                "
            data-target="mobileMenu"
          >
            menu
          </i>
          <ul
            class="dropdown-content"
            id="mobileMenu"
          >
            <li
              class="waves-effect"
            >
              <a
                aria-current="page"
                class="active"
                href="/"
              >
                Posts
              </a>
            </li>
            <li
              class="waves-effect"
            >
              <a
                aria-current="page"
                class="active"
                href="/"
              >
                graphQL
              </a>
            </li>
          </ul>
        </nav>
      </div>
      <div
        class="home-view container"
      />
    </div>
  </div>,
  "debug": [Function],
  "findAllByAltText": [Function],
  "findAllByDisplayValue": [Function],
  "findAllByLabelText": [Function],
  "findAllByPlaceholderText": [Function],
  "findAllByRole": [Function],
  "findAllByTestId": [Function],
  "findAllByText": [Function],
  "findAllByTitle": [Function],
  "findByAltText": [Function],
  "findByDisplayValue": [Function],
  "findByLabelText": [Function],
  "findByPlaceholderText": [Function],
  "findByRole": [Function],
  "findByTestId": [Function],
  "findByText": [Function],
  "findByTitle": [Function],
  "getAllByAltText": [Function],
  "getAllByDisplayValue": [Function],
  "getAllByLabelText": [Function],
  "getAllByPlaceholderText": [Function],
  "getAllByRole": [Function],
  "getAllByTestId": [Function],
  "getAllByText": [Function],
  "getAllByTitle": [Function],
  "getByAltText": [Function],
  "getByDisplayValue": [Function],
  "getByLabelText": [Function],
  "getByPlaceholderText": [Function],
  "getByRole": [Function],
  "getByTestId": [Function],
  "getByText": [Function],
  "getByTitle": [Function],
  "queryAllByAltText": [Function],
  "queryAllByDisplayValue": [Function],
  "queryAllByLabelText": [Function],
  "queryAllByPlaceholderText": [Function],
  "queryAllByRole": [Function],
  "queryAllByTestId": [Function],
  "queryAllByText": [Function],
  "queryAllByTitle": [Function],
  "queryByAltText": [Function],
  "queryByDisplayValue": [Function],
  "queryByLabelText": [Function],
  "queryByPlaceholderText": [Function],
  "queryByRole": [Function],
  "queryByTestId": [Function],
  "queryByText": [Function],
  "queryByTitle": [Function],
  "rerender": [Function],
  "unmount": [Function],
}
`;
